[a12.netlify.app/index.html]
[backblue.gif]
[fade.gif]
[index.html]
[a12.netlify.app/css/normalize.css]
[a12.netlify.app/css/player.css]
[stackpath.bootstrapcdn.com/bootstrap/4.5.0/css/bootstrap.min.css]
[a12.netlify.app/img/now-playing.svg]
[code.jquery.com/jquery-3.5.1.slim.min.js]
[cdn.jsdelivr.net/npm/popper.js@1.16.0/dist/umd/popper.min.js]
[ajax.googleapis.com/ajax/libs/angularjs/1.6.9/angular.js]
[cdn.jsdelivr.net/npm/amplitudejs@5.1.0/dist/amplitude.js]
[a12.netlify.app/js/songs.js]
[a12.netlify.app/js/custom.js]
[a12.netlify.app/index.html]
[a12.netlify.app/css/normalize.css]
[a12.netlify.app/img/list-play-light.png]
[a12.netlify.app/img/list-play-hover.png]
[a12.netlify.app/img/repeat-off.svg]
[a12.netlify.app/img/repeat-on.svg]
[a12.netlify.app/img/shuffle-off.svg]
[a12.netlify.app/img/shuffle-on.svg]
[a12.netlify.app/img/prev.svg]
[a12.netlify.app/img/play.svg]
[a12.netlify.app/img/pause.svg]
[a12.netlify.app/img/next.svg]
[a12.netlify.app/img/volume.svg]
[a12.netlify.app/img/mute.svg]
[a12.netlify.app/css/player.css]
[stackpath.bootstrapcdn.com/bootstrap/4.5.0/css/bootstrap.min.css]
[a12.netlify.app/css/custom.css]
[a12.netlify.app/img/now-playing.svg]
[a12.netlify.app/img/list-play-hover.html]
[a12.netlify.app/img/repeat-off.svg]
[a12.netlify.app/img/repeat-on.svg]
[a12.netlify.app/img/shuffle-off.svg]
[a12.netlify.app/img/shuffle-on.svg]
[a12.netlify.app/img/prev.svg]
[a12.netlify.app/img/play.svg]
[a12.netlify.app/img/pause.svg]
[a12.netlify.app/img/next.svg]
[a12.netlify.app/img/volume.svg]
[a12.netlify.app/img/mute.svg]
[stackpath.bootstrapcdn.com/bootstrap/4.5.0/js/bootstrap.min.js]
